DEBUG 2026-05-16 19:04:15,520 utils (0.000) 
            SELECT name, type FROM sqlite_master
            WHERE type in ('table', 'view') AND NOT name='sqlite_sequence'
            ORDER BY name; args=None; alias=default
DEBUG 2026-05-16 19:04:15,529 utils (0.000) SELECT "django_migrations"."id", "django_migrations"."app", "django_migrations"."name", "django_migrations"."applied" FROM "django_migrations"; args=(); alias=default
DEBUG 2026-05-16 19:56:32,803 utils (0.000) 
            SELECT name, type FROM sqlite_master
            WHERE type in ('table', 'view') AND NOT name='sqlite_sequence'
            ORDER BY name; args=None; alias=default
DEBUG 2026-05-16 19:56:32,805 utils (0.000) SELECT "django_migrations"."id", "django_migrations"."app", "django_migrations"."name", "django_migrations"."applied" FROM "django_migrations"; args=(); alias=default
DEBUG 2026-05-16 19:57:49,864 utils (0.000) 
            SELECT name, type FROM sqlite_master
            WHERE type in ('table', 'view') AND NOT name='sqlite_sequence'
            ORDER BY name; args=None; alias=default
DEBUG 2026-05-16 19:57:49,866 utils (0.000) SELECT "django_migrations"."id", "django_migrations"."app", "django_migrations"."name", "django_migrations"."applied" FROM "django_migrations"; args=(); alias=default
DEBUG 2026-05-16 19:57:49,866 utils (0.000) 
            SELECT name, type FROM sqlite_master
            WHERE type in ('table', 'view') AND NOT name='sqlite_sequence'
            ORDER BY name; args=None; alias=default
DEBUG 2026-05-16 19:57:49,867 utils (0.000) SELECT "django_migrations"."id", "django_migrations"."app", "django_migrations"."name", "django_migrations"."applied" FROM "django_migrations"; args=(); alias=default
DEBUG 2026-05-16 19:57:49,873 utils (0.000) 
            SELECT name, type FROM sqlite_master
            WHERE type in ('table', 'view') AND NOT name='sqlite_sequence'
            ORDER BY name; args=None; alias=default
DEBUG 2026-05-16 19:57:49,873 utils (0.000) PRAGMA foreign_keys = OFF; args=None; alias=default
DEBUG 2026-05-16 19:57:49,873 utils (0.000) PRAGMA foreign_keys; args=None; alias=default
DEBUG 2026-05-16 19:57:49,873 utils (0.000) BEGIN; args=None; alias=default
DEBUG 2026-05-16 19:57:49,878 schema CREATE TABLE "new__task_manager_subtask" ("id" integer NOT NULL PRIMARY KEY AUTOINCREMENT, "title" varchar(100) NOT NULL, "description" text NOT NULL, "status" varchar(15) NOT NULL, "deadline" datetime NOT NULL, "created_at" datetime NOT NULL, "task_id" bigint NOT NULL REFERENCES "task_manager_task" ("id") DEFERRABLE INITIALLY DEFERRED, "owner_id" integer NOT NULL REFERENCES "auth_user" ("id") DEFERRABLE INITIALLY DEFERRED, CONSTRAINT "unique_subtask_title" UNIQUE ("title")); (params None)
DEBUG 2026-05-16 19:57:49,880 utils (0.000) CREATE TABLE "new__task_manager_subtask" ("id" integer NOT NULL PRIMARY KEY AUTOINCREMENT, "title" varchar(100) NOT NULL, "description" text NOT NULL, "status" varchar(15) NOT NULL, "deadline" datetime NOT NULL, "created_at" datetime NOT NULL, "task_id" bigint NOT NULL REFERENCES "task_manager_task" ("id") DEFERRABLE INITIALLY DEFERRED, "owner_id" integer NOT NULL REFERENCES "auth_user" ("id") DEFERRABLE INITIALLY DEFERRED, CONSTRAINT "unique_subtask_title" UNIQUE ("title")); args=None; alias=default
DEBUG 2026-05-16 19:57:49,880 schema INSERT INTO "new__task_manager_subtask" ("id", "title", "description", "status", "deadline", "created_at", "task_id", "owner_id") SELECT "id", "title", "description", "status", "deadline", "created_at", "task_id", 1 FROM "task_manager_subtask"; (params ())
DEBUG 2026-05-16 19:57:49,880 utils (0.000) INSERT INTO "new__task_manager_subtask" ("id", "title", "description", "status", "deadline", "created_at", "task_id", "owner_id") SELECT "id", "title", "description", "status", "deadline", "created_at", "task_id", 1 FROM "task_manager_subtask"; args=(); alias=default
DEBUG 2026-05-16 19:57:49,880 schema DROP TABLE "task_manager_subtask"; (params ())
DEBUG 2026-05-16 19:57:49,881 utils (0.000) DROP TABLE "task_manager_subtask"; args=(); alias=default
DEBUG 2026-05-16 19:57:49,881 schema ALTER TABLE "new__task_manager_subtask" RENAME TO "task_manager_subtask"; (params ())
DEBUG 2026-05-16 19:57:49,882 utils (0.000) ALTER TABLE "new__task_manager_subtask" RENAME TO "task_manager_subtask"; args=(); alias=default
DEBUG 2026-05-16 19:57:49,882 schema CREATE INDEX "task_manager_subtask_task_id_95d6e401" ON "task_manager_subtask" ("task_id"); (params ())
DEBUG 2026-05-16 19:57:49,882 utils (0.000) CREATE INDEX "task_manager_subtask_task_id_95d6e401" ON "task_manager_subtask" ("task_id"); args=(); alias=default
DEBUG 2026-05-16 19:57:49,882 schema CREATE INDEX "task_manager_subtask_owner_id_49dc8d25" ON "task_manager_subtask" ("owner_id"); (params ())
DEBUG 2026-05-16 19:57:49,882 utils (0.000) CREATE INDEX "task_manager_subtask_owner_id_49dc8d25" ON "task_manager_subtask" ("owner_id"); args=(); alias=default
DEBUG 2026-05-16 19:57:49,887 schema CREATE TABLE "new__task_manager_task" ("id" integer NOT NULL PRIMARY KEY AUTOINCREMENT, "title" varchar(100) NOT NULL, "description" text NOT NULL, "status" varchar(15) NOT NULL, "deadline" datetime NOT NULL, "created_at" datetime NOT NULL, "owner_id" integer NOT NULL REFERENCES "auth_user" ("id") DEFERRABLE INITIALLY DEFERRED, CONSTRAINT "unique_task_title" UNIQUE ("title")); (params None)
DEBUG 2026-05-16 19:57:49,887 utils (0.000) CREATE TABLE "new__task_manager_task" ("id" integer NOT NULL PRIMARY KEY AUTOINCREMENT, "title" varchar(100) NOT NULL, "description" text NOT NULL, "status" varchar(15) NOT NULL, "deadline" datetime NOT NULL, "created_at" datetime NOT NULL, "owner_id" integer NOT NULL REFERENCES "auth_user" ("id") DEFERRABLE INITIALLY DEFERRED, CONSTRAINT "unique_task_title" UNIQUE ("title")); args=None; alias=default
DEBUG 2026-05-16 19:57:49,887 schema INSERT INTO "new__task_manager_task" ("id", "title", "description", "status", "deadline", "created_at", "owner_id") SELECT "id", "title", "description", "status", "deadline", "created_at", 1 FROM "task_manager_task"; (params ())
DEBUG 2026-05-16 19:57:49,887 utils (0.000) INSERT INTO "new__task_manager_task" ("id", "title", "description", "status", "deadline", "created_at", "owner_id") SELECT "id", "title", "description", "status", "deadline", "created_at", 1 FROM "task_manager_task"; args=(); alias=default
DEBUG 2026-05-16 19:57:49,887 schema DROP TABLE "task_manager_task"; (params ())
DEBUG 2026-05-16 19:57:49,888 utils (0.000) DROP TABLE "task_manager_task"; args=(); alias=default
DEBUG 2026-05-16 19:57:49,888 schema ALTER TABLE "new__task_manager_task" RENAME TO "task_manager_task"; (params ())
DEBUG 2026-05-16 19:57:49,888 utils (0.000) ALTER TABLE "new__task_manager_task" RENAME TO "task_manager_task"; args=(); alias=default
DEBUG 2026-05-16 19:57:49,888 schema CREATE INDEX "task_manager_task_owner_id_848c5118" ON "task_manager_task" ("owner_id"); (params ())
DEBUG 2026-05-16 19:57:49,888 utils (0.000) CREATE INDEX "task_manager_task_owner_id_848c5118" ON "task_manager_task" ("owner_id"); args=(); alias=default
DEBUG 2026-05-16 19:57:49,889 utils (0.000) INSERT INTO "django_migrations" ("app", "name", "applied") VALUES ('my_app', '0003_subtask_owner_task_owner', '2026-05-16 17:57:49.889626') RETURNING "django_migrations"."id"; args=('my_app', '0003_subtask_owner_task_owner', '2026-05-16 17:57:49.889626'); alias=default
DEBUG 2026-05-16 19:57:49,889 utils (0.000) PRAGMA foreign_key_check; args=None; alias=default
DEBUG 2026-05-16 19:57:49,898 utils (0.015) COMMIT; args=None; alias=default
DEBUG 2026-05-16 19:57:49,899 utils (0.000) PRAGMA foreign_keys = ON; args=None; alias=default
DEBUG 2026-05-16 19:57:49,899 utils (0.000) PRAGMA foreign_keys = OFF; args=None; alias=default
DEBUG 2026-05-16 19:57:49,899 utils (0.000) PRAGMA foreign_keys; args=None; alias=default
DEBUG 2026-05-16 19:57:49,899 utils (0.000) BEGIN; args=None; alias=default
DEBUG 2026-05-16 19:57:49,900 schema CREATE TABLE "token_blacklist_blacklistedtoken" ("id" integer NOT NULL PRIMARY KEY AUTOINCREMENT, "blacklisted_at" datetime NOT NULL); (params None)
DEBUG 2026-05-16 19:57:49,901 utils (0.000) CREATE TABLE "token_blacklist_blacklistedtoken" ("id" integer NOT NULL PRIMARY KEY AUTOINCREMENT, "blacklisted_at" datetime NOT NULL); args=None; alias=default
DEBUG 2026-05-16 19:57:49,906 schema CREATE TABLE "token_blacklist_outstandingtoken" ("id" integer NOT NULL PRIMARY KEY AUTOINCREMENT, "jti" char(32) NOT NULL UNIQUE, "token" text NOT NULL, "created_at" datetime NOT NULL, "expires_at" datetime NOT NULL, "user_id" integer NOT NULL REFERENCES "auth_user" ("id") DEFERRABLE INITIALLY DEFERRED); (params None)
DEBUG 2026-05-16 19:57:49,906 utils (0.000) CREATE TABLE "token_blacklist_outstandingtoken" ("id" integer NOT NULL PRIMARY KEY AUTOINCREMENT, "jti" char(32) NOT NULL UNIQUE, "token" text NOT NULL, "created_at" datetime NOT NULL, "expires_at" datetime NOT NULL, "user_id" integer NOT NULL REFERENCES "auth_user" ("id") DEFERRABLE INITIALLY DEFERRED); args=None; alias=default
DEBUG 2026-05-16 19:57:49,912 schema CREATE TABLE "new__token_blacklist_blacklistedtoken" ("id" integer NOT NULL PRIMARY KEY AUTOINCREMENT, "blacklisted_at" datetime NOT NULL, "token_id" integer NOT NULL UNIQUE REFERENCES "token_blacklist_outstandingtoken" ("id") DEFERRABLE INITIALLY DEFERRED); (params None)
DEBUG 2026-05-16 19:57:49,912 utils (0.000) CREATE TABLE "new__token_blacklist_blacklistedtoken" ("id" integer NOT NULL PRIMARY KEY AUTOINCREMENT, "blacklisted_at" datetime NOT NULL, "token_id" integer NOT NULL UNIQUE REFERENCES "token_blacklist_outstandingtoken" ("id") DEFERRABLE INITIALLY DEFERRED); args=None; alias=default
DEBUG 2026-05-16 19:57:49,912 schema INSERT INTO "new__token_blacklist_blacklistedtoken" ("id", "blacklisted_at", "token_id") SELECT "id", "blacklisted_at", NULL FROM "token_blacklist_blacklistedtoken"; (params ())
DEBUG 2026-05-16 19:57:49,913 utils (0.000) INSERT INTO "new__token_blacklist_blacklistedtoken" ("id", "blacklisted_at", "token_id") SELECT "id", "blacklisted_at", NULL FROM "token_blacklist_blacklistedtoken"; args=(); alias=default
DEBUG 2026-05-16 19:57:49,913 schema DROP TABLE "token_blacklist_blacklistedtoken"; (params ())
DEBUG 2026-05-16 19:57:49,913 utils (0.000) DROP TABLE "token_blacklist_blacklistedtoken"; args=(); alias=default
DEBUG 2026-05-16 19:57:49,913 schema ALTER TABLE "new__token_blacklist_blacklistedtoken" RENAME TO "token_blacklist_blacklistedtoken"; (params ())
DEBUG 2026-05-16 19:57:49,914 utils (0.000) ALTER TABLE "new__token_blacklist_blacklistedtoken" RENAME TO "token_blacklist_blacklistedtoken"; args=(); alias=default
DEBUG 2026-05-16 19:57:49,914 schema CREATE INDEX "token_blacklist_outstandingtoken_user_id_83bc629a" ON "token_blacklist_outstandingtoken" ("user_id"); (params ())
DEBUG 2026-05-16 19:57:49,914 utils (0.000) CREATE INDEX "token_blacklist_outstandingtoken_user_id_83bc629a" ON "token_blacklist_outstandingtoken" ("user_id"); args=(); alias=default
DEBUG 2026-05-16 19:57:49,914 utils (0.000) INSERT INTO "django_migrations" ("app", "name", "applied") VALUES ('token_blacklist', '0001_initial', '2026-05-16 17:57:49.914631') RETURNING "django_migrations"."id"; args=('token_blacklist', '0001_initial', '2026-05-16 17:57:49.914631'); alias=default
DEBUG 2026-05-16 19:57:49,914 utils (0.000) PRAGMA foreign_key_check; args=None; alias=default
DEBUG 2026-05-16 19:57:49,923 utils (0.016) COMMIT; args=None; alias=default
DEBUG 2026-05-16 19:57:49,923 utils (0.000) PRAGMA foreign_keys = ON; args=None; alias=default
DEBUG 2026-05-16 19:57:49,923 utils (0.000) PRAGMA foreign_keys = OFF; args=None; alias=default
DEBUG 2026-05-16 19:57:49,923 utils (0.000) PRAGMA foreign_keys; args=None; alias=default
DEBUG 2026-05-16 19:57:49,923 utils (0.000) BEGIN; args=None; alias=default
DEBUG 2026-05-16 19:57:49,929 schema ALTER TABLE "token_blacklist_outstandingtoken" ADD COLUMN "jti_hex" varchar(255) NULL; (params None)
DEBUG 2026-05-16 19:57:49,930 utils (0.000) ALTER TABLE "token_blacklist_outstandingtoken" ADD COLUMN "jti_hex" varchar(255) NULL; args=None; alias=default
DEBUG 2026-05-16 19:57:49,931 utils (0.000) INSERT INTO "django_migrations" ("app", "name", "applied") VALUES ('token_blacklist', '0002_outstandingtoken_jti_hex', '2026-05-16 17:57:49.930142') RETURNING "django_migrations"."id"; args=('token_blacklist', '0002_outstandingtoken_jti_hex', '2026-05-16 17:57:49.930142'); alias=default
DEBUG 2026-05-16 19:57:49,931 utils (0.000) PRAGMA foreign_key_check; args=None; alias=default
DEBUG 2026-05-16 19:57:49,939 utils (0.015) COMMIT; args=None; alias=default
DEBUG 2026-05-16 19:57:49,939 utils (0.000) PRAGMA foreign_keys = ON; args=None; alias=default
DEBUG 2026-05-16 19:57:49,939 utils (0.000) PRAGMA foreign_keys = OFF; args=None; alias=default
DEBUG 2026-05-16 19:57:49,939 utils (0.000) PRAGMA foreign_keys; args=None; alias=default
DEBUG 2026-05-16 19:57:49,939 utils (0.000) BEGIN; args=None; alias=default
DEBUG 2026-05-16 19:57:49,946 utils (0.000) SELECT "token_blacklist_outstandingtoken"."id", "token_blacklist_outstandingtoken"."jti", "token_blacklist_outstandingtoken"."token", "token_blacklist_outstandingtoken"."created_at", "token_blacklist_outstandingtoken"."expires_at", "token_blacklist_outstandingtoken"."user_id", "token_blacklist_outstandingtoken"."jti_hex" FROM "token_blacklist_outstandingtoken" ORDER BY "token_blacklist_outstandingtoken"."user_id" ASC; args=(); alias=default
DEBUG 2026-05-16 19:57:49,947 utils (0.000) INSERT INTO "django_migrations" ("app", "name", "applied") VALUES ('token_blacklist', '0003_auto_20171017_2007', '2026-05-16 17:57:49.946144') RETURNING "django_migrations"."id"; args=('token_blacklist', '0003_auto_20171017_2007', '2026-05-16 17:57:49.946144'); alias=default
DEBUG 2026-05-16 19:57:49,947 utils (0.000) PRAGMA foreign_key_check; args=None; alias=default
DEBUG 2026-05-16 19:57:49,955 utils (0.016) COMMIT; args=None; alias=default
DEBUG 2026-05-16 19:57:49,956 utils (0.000) PRAGMA foreign_keys = ON; args=None; alias=default
DEBUG 2026-05-16 19:57:49,956 utils (0.000) PRAGMA foreign_keys = OFF; args=None; alias=default
DEBUG 2026-05-16 19:57:49,956 utils (0.000) PRAGMA foreign_keys; args=None; alias=default
DEBUG 2026-05-16 19:57:49,956 utils (0.000) BEGIN; args=None; alias=default
DEBUG 2026-05-16 19:57:49,961 schema CREATE TABLE "new__token_blacklist_outstandingtoken" ("id" integer NOT NULL PRIMARY KEY AUTOINCREMENT, "jti" char(32) NOT NULL UNIQUE, "token" text NOT NULL, "created_at" datetime NOT NULL, "expires_at" datetime NOT NULL, "user_id" integer NOT NULL REFERENCES "auth_user" ("id") DEFERRABLE INITIALLY DEFERRED, "jti_hex" varchar(255) NOT NULL UNIQUE); (params None)
DEBUG 2026-05-16 19:57:49,963 utils (0.000) CREATE TABLE "new__token_blacklist_outstandingtoken" ("id" integer NOT NULL PRIMARY KEY AUTOINCREMENT, "jti" char(32) NOT NULL UNIQUE, "token" text NOT NULL, "created_at" datetime NOT NULL, "expires_at" datetime NOT NULL, "user_id" integer NOT NULL REFERENCES "auth_user" ("id") DEFERRABLE INITIALLY DEFERRED, "jti_hex" varchar(255) NOT NULL UNIQUE); args=None; alias=default
DEBUG 2026-05-16 19:57:49,963 schema INSERT INTO "new__token_blacklist_outstandingtoken" ("id", "jti", "token", "created_at", "expires_at", "user_id", "jti_hex") SELECT "id", "jti", "token", "created_at", "expires_at", "user_id", coalesce("jti_hex", NULL) FROM "token_blacklist_outstandingtoken"; (params ())
DEBUG 2026-05-16 19:57:49,963 utils (0.000) INSERT INTO "new__token_blacklist_outstandingtoken" ("id", "jti", "token", "created_at", "expires_at", "user_id", "jti_hex") SELECT "id", "jti", "token", "created_at", "expires_at", "user_id", coalesce("jti_hex", NULL) FROM "token_blacklist_outstandingtoken"; args=(); alias=default
DEBUG 2026-05-16 19:57:49,963 schema DROP TABLE "token_blacklist_outstandingtoken"; (params ())
DEBUG 2026-05-16 19:57:49,964 utils (0.000) DROP TABLE "token_blacklist_outstandingtoken"; args=(); alias=default
DEBUG 2026-05-16 19:57:49,964 schema ALTER TABLE "new__token_blacklist_outstandingtoken" RENAME TO "token_blacklist_outstandingtoken"; (params ())
DEBUG 2026-05-16 19:57:49,964 utils (0.000) ALTER TABLE "new__token_blacklist_outstandingtoken" RENAME TO "token_blacklist_outstandingtoken"; args=(); alias=default
DEBUG 2026-05-16 19:57:49,964 schema CREATE INDEX "token_blacklist_outstandingtoken_user_id_83bc629a" ON "token_blacklist_outstandingtoken" ("user_id"); (params ())
DEBUG 2026-05-16 19:57:49,965 utils (0.000) CREATE INDEX "token_blacklist_outstandingtoken_user_id_83bc629a" ON "token_blacklist_outstandingtoken" ("user_id"); args=(); alias=default
DEBUG 2026-05-16 19:57:49,965 utils (0.000) INSERT INTO "django_migrations" ("app", "name", "applied") VALUES ('token_blacklist', '0004_auto_20171017_2013', '2026-05-16 17:57:49.965140') RETURNING "django_migrations"."id"; args=('token_blacklist', '0004_auto_20171017_2013', '2026-05-16 17:57:49.965140'); alias=default
DEBUG 2026-05-16 19:57:49,965 utils (0.000) PRAGMA foreign_key_check; args=None; alias=default
DEBUG 2026-05-16 19:57:49,973 utils (0.015) COMMIT; args=None; alias=default
DEBUG 2026-05-16 19:57:49,974 utils (0.000) PRAGMA foreign_keys = ON; args=None; alias=default
DEBUG 2026-05-16 19:57:49,974 utils (0.000) PRAGMA foreign_keys = OFF; args=None; alias=default
DEBUG 2026-05-16 19:57:49,974 utils (0.000) PRAGMA foreign_keys; args=None; alias=default
DEBUG 2026-05-16 19:57:49,974 utils (0.000) BEGIN; args=None; alias=default
DEBUG 2026-05-16 19:57:49,979 schema CREATE TABLE "new__token_blacklist_outstandingtoken" ("id" integer NOT NULL PRIMARY KEY AUTOINCREMENT, "token" text NOT NULL, "created_at" datetime NOT NULL, "expires_at" datetime NOT NULL, "user_id" integer NOT NULL REFERENCES "auth_user" ("id") DEFERRABLE INITIALLY DEFERRED, "jti_hex" varchar(255) NOT NULL UNIQUE); (params None)
DEBUG 2026-05-16 19:57:49,981 utils (0.000) CREATE TABLE "new__token_blacklist_outstandingtoken" ("id" integer NOT NULL PRIMARY KEY AUTOINCREMENT, "token" text NOT NULL, "created_at" datetime NOT NULL, "expires_at" datetime NOT NULL, "user_id" integer NOT NULL REFERENCES "auth_user" ("id") DEFERRABLE INITIALLY DEFERRED, "jti_hex" varchar(255) NOT NULL UNIQUE); args=None; alias=default
DEBUG 2026-05-16 19:57:49,981 schema INSERT INTO "new__token_blacklist_outstandingtoken" ("id", "token", "created_at", "expires_at", "user_id", "jti_hex") SELECT "id", "token", "created_at", "expires_at", "user_id", "jti_hex" FROM "token_blacklist_outstandingtoken"; (params ())
DEBUG 2026-05-16 19:57:49,981 utils (0.000) INSERT INTO "new__token_blacklist_outstandingtoken" ("id", "token", "created_at", "expires_at", "user_id", "jti_hex") SELECT "id", "token", "created_at", "expires_at", "user_id", "jti_hex" FROM "token_blacklist_outstandingtoken"; args=(); alias=default
DEBUG 2026-05-16 19:57:49,981 schema DROP TABLE "token_blacklist_outstandingtoken"; (params ())
DEBUG 2026-05-16 19:57:49,981 utils (0.000) DROP TABLE "token_blacklist_outstandingtoken"; args=(); alias=default
DEBUG 2026-05-16 19:57:49,981 schema ALTER TABLE "new__token_blacklist_outstandingtoken" RENAME TO "token_blacklist_outstandingtoken"; (params ())
DEBUG 2026-05-16 19:57:49,982 utils (0.000) ALTER TABLE "new__token_blacklist_outstandingtoken" RENAME TO "token_blacklist_outstandingtoken"; args=(); alias=default
DEBUG 2026-05-16 19:57:49,982 schema CREATE INDEX "token_blacklist_outstandingtoken_user_id_83bc629a" ON "token_blacklist_outstandingtoken" ("user_id"); (params ())
DEBUG 2026-05-16 19:57:49,982 utils (0.000) CREATE INDEX "token_blacklist_outstandingtoken_user_id_83bc629a" ON "token_blacklist_outstandingtoken" ("user_id"); args=(); alias=default
DEBUG 2026-05-16 19:57:49,982 utils (0.000) INSERT INTO "django_migrations" ("app", "name", "applied") VALUES ('token_blacklist', '0005_remove_outstandingtoken_jti', '2026-05-16 17:57:49.982139') RETURNING "django_migrations"."id"; args=('token_blacklist', '0005_remove_outstandingtoken_jti', '2026-05-16 17:57:49.982139'); alias=default
DEBUG 2026-05-16 19:57:49,982 utils (0.000) PRAGMA foreign_key_check; args=None; alias=default
DEBUG 2026-05-16 19:57:49,991 utils (0.016) COMMIT; args=None; alias=default
DEBUG 2026-05-16 19:57:49,991 utils (0.000) PRAGMA foreign_keys = ON; args=None; alias=default
DEBUG 2026-05-16 19:57:49,991 utils (0.000) PRAGMA foreign_keys = OFF; args=None; alias=default
DEBUG 2026-05-16 19:57:49,991 utils (0.000) PRAGMA foreign_keys; args=None; alias=default
DEBUG 2026-05-16 19:57:49,992 utils (0.000) BEGIN; args=None; alias=default
DEBUG 2026-05-16 19:57:49,997 schema ALTER TABLE "token_blacklist_outstandingtoken" RENAME COLUMN "jti_hex" TO "jti"; (params ())
DEBUG 2026-05-16 19:57:49,999 utils (0.000) ALTER TABLE "token_blacklist_outstandingtoken" RENAME COLUMN "jti_hex" TO "jti"; args=(); alias=default
DEBUG 2026-05-16 19:57:50,000 utils (0.000) INSERT INTO "django_migrations" ("app", "name", "applied") VALUES ('token_blacklist', '0006_auto_20171017_2113', '2026-05-16 17:57:49.999154') RETURNING "django_migrations"."id"; args=('token_blacklist', '0006_auto_20171017_2113', '2026-05-16 17:57:49.999154'); alias=default
DEBUG 2026-05-16 19:57:50,000 utils (0.000) PRAGMA foreign_key_check; args=None; alias=default
DEBUG 2026-05-16 19:57:50,008 utils (0.016) COMMIT; args=None; alias=default
DEBUG 2026-05-16 19:57:50,008 utils (0.000) PRAGMA foreign_keys = ON; args=None; alias=default
DEBUG 2026-05-16 19:57:50,008 utils (0.000) PRAGMA foreign_keys = OFF; args=None; alias=default
DEBUG 2026-05-16 19:57:50,008 utils (0.000) PRAGMA foreign_keys; args=None; alias=default
DEBUG 2026-05-16 19:57:50,009 utils (0.000) BEGIN; args=None; alias=default
DEBUG 2026-05-16 19:57:50,014 schema CREATE TABLE "new__token_blacklist_outstandingtoken" ("id" integer NOT NULL PRIMARY KEY AUTOINCREMENT, "token" text NOT NULL, "expires_at" datetime NOT NULL, "user_id" integer NOT NULL REFERENCES "auth_user" ("id") DEFERRABLE INITIALLY DEFERRED, "jti" varchar(255) NOT NULL UNIQUE, "created_at" datetime NULL); (params None)
DEBUG 2026-05-16 19:57:50,015 utils (0.000) CREATE TABLE "new__token_blacklist_outstandingtoken" ("id" integer NOT NULL PRIMARY KEY AUTOINCREMENT, "token" text NOT NULL, "expires_at" datetime NOT NULL, "user_id" integer NOT NULL REFERENCES "auth_user" ("id") DEFERRABLE INITIALLY DEFERRED, "jti" varchar(255) NOT NULL UNIQUE, "created_at" datetime NULL); args=None; alias=default
DEBUG 2026-05-16 19:57:50,015 schema INSERT INTO "new__token_blacklist_outstandingtoken" ("id", "token", "expires_at", "user_id", "jti", "created_at") SELECT "id", "token", "expires_at", "user_id", "jti", "created_at" FROM "token_blacklist_outstandingtoken"; (params ())
DEBUG 2026-05-16 19:57:50,015 utils (0.000) INSERT INTO "new__token_blacklist_outstandingtoken" ("id", "token", "expires_at", "user_id", "jti", "created_at") SELECT "id", "token", "expires_at", "user_id", "jti", "created_at" FROM "token_blacklist_outstandingtoken"; args=(); alias=default
DEBUG 2026-05-16 19:57:50,015 schema DROP TABLE "token_blacklist_outstandingtoken"; (params ())
DEBUG 2026-05-16 19:57:50,015 utils (0.000) DROP TABLE "token_blacklist_outstandingtoken"; args=(); alias=default
DEBUG 2026-05-16 19:57:50,015 schema ALTER TABLE "new__token_blacklist_outstandingtoken" RENAME TO "token_blacklist_outstandingtoken"; (params ())
DEBUG 2026-05-16 19:57:50,016 utils (0.000) ALTER TABLE "new__token_blacklist_outstandingtoken" RENAME TO "token_blacklist_outstandingtoken"; args=(); alias=default
DEBUG 2026-05-16 19:57:50,016 schema CREATE INDEX "token_blacklist_outstandingtoken_user_id_83bc629a" ON "token_blacklist_outstandingtoken" ("user_id"); (params ())
DEBUG 2026-05-16 19:57:50,016 utils (0.000) CREATE INDEX "token_blacklist_outstandingtoken_user_id_83bc629a" ON "token_blacklist_outstandingtoken" ("user_id"); args=(); alias=default
DEBUG 2026-05-16 19:57:50,022 schema CREATE TABLE "new__token_blacklist_outstandingtoken" ("id" integer NOT NULL PRIMARY KEY AUTOINCREMENT, "token" text NOT NULL, "created_at" datetime NULL, "expires_at" datetime NOT NULL, "jti" varchar(255) NOT NULL UNIQUE, "user_id" integer NULL REFERENCES "auth_user" ("id") DEFERRABLE INITIALLY DEFERRED); (params None)
DEBUG 2026-05-16 19:57:50,022 utils (0.000) CREATE TABLE "new__token_blacklist_outstandingtoken" ("id" integer NOT NULL PRIMARY KEY AUTOINCREMENT, "token" text NOT NULL, "created_at" datetime NULL, "expires_at" datetime NOT NULL, "jti" varchar(255) NOT NULL UNIQUE, "user_id" integer NULL REFERENCES "auth_user" ("id") DEFERRABLE INITIALLY DEFERRED); args=None; alias=default
DEBUG 2026-05-16 19:57:50,023 schema INSERT INTO "new__token_blacklist_outstandingtoken" ("id", "token", "created_at", "expires_at", "jti", "user_id") SELECT "id", "token", "created_at", "expires_at", "jti", "user_id" FROM "token_blacklist_outstandingtoken"; (params ())
DEBUG 2026-05-16 19:57:50,023 utils (0.000) INSERT INTO "new__token_blacklist_outstandingtoken" ("id", "token", "created_at", "expires_at", "jti", "user_id") SELECT "id", "token", "created_at", "expires_at", "jti", "user_id" FROM "token_blacklist_outstandingtoken"; args=(); alias=default
DEBUG 2026-05-16 19:57:50,023 schema DROP TABLE "token_blacklist_outstandingtoken"; (params ())
DEBUG 2026-05-16 19:57:50,023 utils (0.000) DROP TABLE "token_blacklist_outstandingtoken"; args=(); alias=default
DEBUG 2026-05-16 19:57:50,023 schema ALTER TABLE "new__token_blacklist_outstandingtoken" RENAME TO "token_blacklist_outstandingtoken"; (params ())
DEBUG 2026-05-16 19:57:50,024 utils (0.000) ALTER TABLE "new__token_blacklist_outstandingtoken" RENAME TO "token_blacklist_outstandingtoken"; args=(); alias=default
DEBUG 2026-05-16 19:57:50,024 schema CREATE INDEX "token_blacklist_outstandingtoken_user_id_83bc629a" ON "token_blacklist_outstandingtoken" ("user_id"); (params ())
DEBUG 2026-05-16 19:57:50,024 utils (0.000) CREATE INDEX "token_blacklist_outstandingtoken_user_id_83bc629a" ON "token_blacklist_outstandingtoken" ("user_id"); args=(); alias=default
DEBUG 2026-05-16 19:57:50,024 utils (0.000) INSERT INTO "django_migrations" ("app", "name", "applied") VALUES ('token_blacklist', '0007_auto_20171017_2214', '2026-05-16 17:57:50.024157') RETURNING "django_migrations"."id"; args=('token_blacklist', '0007_auto_20171017_2214', '2026-05-16 17:57:50.024157'); alias=default
DEBUG 2026-05-16 19:57:50,024 utils (0.000) PRAGMA foreign_key_check; args=None; alias=default
DEBUG 2026-05-16 19:57:50,032 utils (0.016) COMMIT; args=None; alias=default
DEBUG 2026-05-16 19:57:50,032 utils (0.000) PRAGMA foreign_keys = ON; args=None; alias=default
DEBUG 2026-05-16 19:57:50,033 utils (0.000) PRAGMA foreign_keys = OFF; args=None; alias=default
DEBUG 2026-05-16 19:57:50,033 utils (0.000) PRAGMA foreign_keys; args=None; alias=default
DEBUG 2026-05-16 19:57:50,033 utils (0.000) BEGIN; args=None; alias=default
DEBUG 2026-05-16 19:57:50,036 schema CREATE TABLE "new__token_blacklist_blacklistedtoken" ("id" integer NOT NULL PRIMARY KEY AUTOINCREMENT, "blacklisted_at" datetime NOT NULL, "token_id" integer NOT NULL UNIQUE REFERENCES "token_blacklist_outstandingtoken" ("id") DEFERRABLE INITIALLY DEFERRED); (params None)
DEBUG 2026-05-16 19:57:50,037 utils (0.000) CREATE TABLE "new__token_blacklist_blacklistedtoken" ("id" integer NOT NULL PRIMARY KEY AUTOINCREMENT, "blacklisted_at" datetime NOT NULL, "token_id" integer NOT NULL UNIQUE REFERENCES "token_blacklist_outstandingtoken" ("id") DEFERRABLE INITIALLY DEFERRED); args=None; alias=default
DEBUG 2026-05-16 19:57:50,037 schema INSERT INTO "new__token_blacklist_blacklistedtoken" ("blacklisted_at", "token_id", "id") SELECT "blacklisted_at", "token_id", "id" FROM "token_blacklist_blacklistedtoken"; (params ())
DEBUG 2026-05-16 19:57:50,037 utils (0.000) INSERT INTO "new__token_blacklist_blacklistedtoken" ("blacklisted_at", "token_id", "id") SELECT "blacklisted_at", "token_id", "id" FROM "token_blacklist_blacklistedtoken"; args=(); alias=default
DEBUG 2026-05-16 19:57:50,037 schema DROP TABLE "token_blacklist_blacklistedtoken"; (params ())
DEBUG 2026-05-16 19:57:50,037 utils (0.000) DROP TABLE "token_blacklist_blacklistedtoken"; args=(); alias=default
DEBUG 2026-05-16 19:57:50,037 schema ALTER TABLE "new__token_blacklist_blacklistedtoken" RENAME TO "token_blacklist_blacklistedtoken"; (params ())
DEBUG 2026-05-16 19:57:50,038 utils (0.000) ALTER TABLE "new__token_blacklist_blacklistedtoken" RENAME TO "token_blacklist_blacklistedtoken"; args=(); alias=default
DEBUG 2026-05-16 19:57:50,044 schema CREATE TABLE "new__token_blacklist_outstandingtoken" ("id" integer NOT NULL PRIMARY KEY AUTOINCREMENT, "token" text NOT NULL, "created_at" datetime NULL, "expires_at" datetime NOT NULL, "user_id" integer NULL REFERENCES "auth_user" ("id") DEFERRABLE INITIALLY DEFERRED, "jti" varchar(255) NOT NULL UNIQUE); (params None)
DEBUG 2026-05-16 19:57:50,044 utils (0.000) CREATE TABLE "new__token_blacklist_outstandingtoken" ("id" integer NOT NULL PRIMARY KEY AUTOINCREMENT, "token" text NOT NULL, "created_at" datetime NULL, "expires_at" datetime NOT NULL, "user_id" integer NULL REFERENCES "auth_user" ("id") DEFERRABLE INITIALLY DEFERRED, "jti" varchar(255) NOT NULL UNIQUE); args=None; alias=default
DEBUG 2026-05-16 19:57:50,044 schema INSERT INTO "new__token_blacklist_outstandingtoken" ("token", "created_at", "expires_at", "user_id", "jti", "id") SELECT "token", "created_at", "expires_at", "user_id", "jti", "id" FROM "token_blacklist_outstandingtoken"; (params ())
DEBUG 2026-05-16 19:57:50,044 utils (0.000) INSERT INTO "new__token_blacklist_outstandingtoken" ("token", "created_at", "expires_at", "user_id", "jti", "id") SELECT "token", "created_at", "expires_at", "user_id", "jti", "id" FROM "token_blacklist_outstandingtoken"; args=(); alias=default
DEBUG 2026-05-16 19:57:50,044 schema DROP TABLE "token_blacklist_outstandingtoken"; (params ())
DEBUG 2026-05-16 19:57:50,044 utils (0.000) DROP TABLE "token_blacklist_outstandingtoken"; args=(); alias=default
DEBUG 2026-05-16 19:57:50,044 schema ALTER TABLE "new__token_blacklist_outstandingtoken" RENAME TO "token_blacklist_outstandingtoken"; (params ())
DEBUG 2026-05-16 19:57:50,045 utils (0.000) ALTER TABLE "new__token_blacklist_outstandingtoken" RENAME TO "token_blacklist_outstandingtoken"; args=(); alias=default
DEBUG 2026-05-16 19:57:50,045 schema CREATE INDEX "token_blacklist_outstandingtoken_user_id_83bc629a" ON "token_blacklist_outstandingtoken" ("user_id"); (params ())
DEBUG 2026-05-16 19:57:50,045 utils (0.000) CREATE INDEX "token_blacklist_outstandingtoken_user_id_83bc629a" ON "token_blacklist_outstandingtoken" ("user_id"); args=(); alias=default
DEBUG 2026-05-16 19:57:50,045 utils (0.000) INSERT INTO "django_migrations" ("app", "name", "applied") VALUES ('token_blacklist', '0008_migrate_to_bigautofield', '2026-05-16 17:57:50.045664') RETURNING "django_migrations"."id"; args=('token_blacklist', '0008_migrate_to_bigautofield', '2026-05-16 17:57:50.045664'); alias=default
DEBUG 2026-05-16 19:57:50,045 utils (0.000) PRAGMA foreign_key_check; args=None; alias=default
DEBUG 2026-05-16 19:57:50,054 utils (0.016) COMMIT; args=None; alias=default
DEBUG 2026-05-16 19:57:50,054 utils (0.000) PRAGMA foreign_keys = ON; args=None; alias=default
DEBUG 2026-05-16 19:57:50,054 utils (0.000) PRAGMA foreign_keys = OFF; args=None; alias=default
DEBUG 2026-05-16 19:57:50,054 utils (0.000) PRAGMA foreign_keys; args=None; alias=default
DEBUG 2026-05-16 19:57:50,054 utils (0.000) BEGIN; args=None; alias=default
DEBUG 2026-05-16 19:57:50,057 schema CREATE TABLE "new__token_blacklist_blacklistedtoken" ("blacklisted_at" datetime NOT NULL, "token_id" bigint NOT NULL UNIQUE REFERENCES "token_blacklist_outstandingtoken" ("id") DEFERRABLE INITIALLY DEFERRED, "id" integer NOT NULL PRIMARY KEY AUTOINCREMENT); (params None)
DEBUG 2026-05-16 19:57:50,059 utils (0.000) CREATE TABLE "new__token_blacklist_blacklistedtoken" ("blacklisted_at" datetime NOT NULL, "token_id" bigint NOT NULL UNIQUE REFERENCES "token_blacklist_outstandingtoken" ("id") DEFERRABLE INITIALLY DEFERRED, "id" integer NOT NULL PRIMARY KEY AUTOINCREMENT); args=None; alias=default
DEBUG 2026-05-16 19:57:50,059 schema INSERT INTO "new__token_blacklist_blacklistedtoken" ("blacklisted_at", "token_id", "id") SELECT "blacklisted_at", "token_id", "id" FROM "token_blacklist_blacklistedtoken"; (params ())
DEBUG 2026-05-16 19:57:50,059 utils (0.000) INSERT INTO "new__token_blacklist_blacklistedtoken" ("blacklisted_at", "token_id", "id") SELECT "blacklisted_at", "token_id", "id" FROM "token_blacklist_blacklistedtoken"; args=(); alias=default
DEBUG 2026-05-16 19:57:50,059 schema DROP TABLE "token_blacklist_blacklistedtoken"; (params ())
DEBUG 2026-05-16 19:57:50,059 utils (0.000) DROP TABLE "token_blacklist_blacklistedtoken"; args=(); alias=default
DEBUG 2026-05-16 19:57:50,059 schema ALTER TABLE "new__token_blacklist_blacklistedtoken" RENAME TO "token_blacklist_blacklistedtoken"; (params ())
DEBUG 2026-05-16 19:57:50,060 utils (0.000) ALTER TABLE "new__token_blacklist_blacklistedtoken" RENAME TO "token_blacklist_blacklistedtoken"; args=(); alias=default
DEBUG 2026-05-16 19:57:50,066 schema CREATE TABLE "new__token_blacklist_outstandingtoken" ("token" text NOT NULL, "created_at" datetime NULL, "expires_at" datetime NOT NULL, "user_id" integer NULL REFERENCES "auth_user" ("id") DEFERRABLE INITIALLY DEFERRED, "jti" varchar(255) NOT NULL UNIQUE, "id" integer NOT NULL PRIMARY KEY AUTOINCREMENT); (params None)
DEBUG 2026-05-16 19:57:50,067 utils (0.000) CREATE TABLE "new__token_blacklist_outstandingtoken" ("token" text NOT NULL, "created_at" datetime NULL, "expires_at" datetime NOT NULL, "user_id" integer NULL REFERENCES "auth_user" ("id") DEFERRABLE INITIALLY DEFERRED, "jti" varchar(255) NOT NULL UNIQUE, "id" integer NOT NULL PRIMARY KEY AUTOINCREMENT); args=None; alias=default
DEBUG 2026-05-16 19:57:50,067 schema INSERT INTO "new__token_blacklist_outstandingtoken" ("token", "created_at", "expires_at", "user_id", "jti", "id") SELECT "token", "created_at", "expires_at", "user_id", "jti", "id" FROM "token_blacklist_outstandingtoken"; (params ())
DEBUG 2026-05-16 19:57:50,067 utils (0.000) INSERT INTO "new__token_blacklist_outstandingtoken" ("token", "created_at", "expires_at", "user_id", "jti", "id") SELECT "token", "created_at", "expires_at", "user_id", "jti", "id" FROM "token_blacklist_outstandingtoken"; args=(); alias=default
DEBUG 2026-05-16 19:57:50,067 schema DROP TABLE "token_blacklist_outstandingtoken"; (params ())
DEBUG 2026-05-16 19:57:50,067 utils (0.000) DROP TABLE "token_blacklist_outstandingtoken"; args=(); alias=default
DEBUG 2026-05-16 19:57:50,067 schema ALTER TABLE "new__token_blacklist_outstandingtoken" RENAME TO "token_blacklist_outstandingtoken"; (params ())
DEBUG 2026-05-16 19:57:50,068 utils (0.000) ALTER TABLE "new__token_blacklist_outstandingtoken" RENAME TO "token_blacklist_outstandingtoken"; args=(); alias=default
DEBUG 2026-05-16 19:57:50,068 schema CREATE INDEX "token_blacklist_outstandingtoken_user_id_83bc629a" ON "token_blacklist_outstandingtoken" ("user_id"); (params ())
DEBUG 2026-05-16 19:57:50,068 utils (0.000) CREATE INDEX "token_blacklist_outstandingtoken_user_id_83bc629a" ON "token_blacklist_outstandingtoken" ("user_id"); args=(); alias=default
DEBUG 2026-05-16 19:57:50,068 utils (0.000) INSERT INTO "django_migrations" ("app", "name", "applied") VALUES ('token_blacklist', '0010_fix_migrate_to_bigautofield', '2026-05-16 17:57:50.068664') RETURNING "django_migrations"."id"; args=('token_blacklist', '0010_fix_migrate_to_bigautofield', '2026-05-16 17:57:50.068664'); alias=default
DEBUG 2026-05-16 19:57:50,069 utils (0.000) PRAGMA foreign_key_check; args=None; alias=default
DEBUG 2026-05-16 19:57:50,077 utils (0.000) COMMIT; args=None; alias=default
DEBUG 2026-05-16 19:57:50,077 utils (0.000) PRAGMA foreign_keys = ON; args=None; alias=default
DEBUG 2026-05-16 19:57:50,078 utils (0.000) PRAGMA foreign_keys = OFF; args=None; alias=default
DEBUG 2026-05-16 19:57:50,078 utils (0.000) PRAGMA foreign_keys; args=None; alias=default
DEBUG 2026-05-16 19:57:50,078 utils (0.000) BEGIN; args=None; alias=default
DEBUG 2026-05-16 19:57:50,079 utils (0.016) INSERT INTO "django_migrations" ("app", "name", "applied") VALUES ('token_blacklist', '0011_linearizes_history', '2026-05-16 17:57:50.078664') RETURNING "django_migrations"."id"; args=('token_blacklist', '0011_linearizes_history', '2026-05-16 17:57:50.078664'); alias=default
DEBUG 2026-05-16 19:57:50,079 utils (0.000) PRAGMA foreign_key_check; args=None; alias=default
DEBUG 2026-05-16 19:57:50,087 utils (0.000) COMMIT; args=None; alias=default
DEBUG 2026-05-16 19:57:50,088 utils (0.000) PRAGMA foreign_keys = ON; args=None; alias=default
DEBUG 2026-05-16 19:57:50,088 utils (0.000) PRAGMA foreign_keys = OFF; args=None; alias=default
DEBUG 2026-05-16 19:57:50,088 utils (0.000) PRAGMA foreign_keys; args=None; alias=default
DEBUG 2026-05-16 19:57:50,088 utils (0.000) BEGIN; args=None; alias=default
DEBUG 2026-05-16 19:57:50,095 utils (0.015) INSERT INTO "django_migrations" ("app", "name", "applied") VALUES ('token_blacklist', '0012_alter_outstandingtoken_user', '2026-05-16 17:57:50.093665') RETURNING "django_migrations"."id"; args=('token_blacklist', '0012_alter_outstandingtoken_user', '2026-05-16 17:57:50.093665'); alias=default
DEBUG 2026-05-16 19:57:50,095 utils (0.000) PRAGMA foreign_key_check; args=None; alias=default
DEBUG 2026-05-16 19:57:50,103 utils (0.000) COMMIT; args=None; alias=default
DEBUG 2026-05-16 19:57:50,103 utils (0.000) PRAGMA foreign_keys = ON; args=None; alias=default
DEBUG 2026-05-16 19:57:50,103 utils (0.000) PRAGMA foreign_keys = OFF; args=None; alias=default
DEBUG 2026-05-16 19:57:50,103 utils (0.000) PRAGMA foreign_keys; args=None; alias=default
DEBUG 2026-05-16 19:57:50,104 utils (0.000) BEGIN; args=None; alias=default
DEBUG 2026-05-16 19:57:50,111 utils (0.000) INSERT INTO "django_migrations" ("app", "name", "applied") VALUES ('token_blacklist', '0013_alter_blacklistedtoken_options_and_more', '2026-05-16 17:57:50.110665') RETURNING "django_migrations"."id"; args=('token_blacklist', '0013_alter_blacklistedtoken_options_and_more', '2026-05-16 17:57:50.110665'); alias=default
DEBUG 2026-05-16 19:57:50,112 utils (0.000) PRAGMA foreign_key_check; args=None; alias=default
DEBUG 2026-05-16 19:57:50,120 utils (0.000) COMMIT; args=None; alias=default
DEBUG 2026-05-16 19:57:50,120 utils (0.000) PRAGMA foreign_keys = ON; args=None; alias=default
DEBUG 2026-05-16 19:57:50,121 utils (0.000) SELECT "django_migrations"."id", "django_migrations"."app", "django_migrations"."name", "django_migrations"."applied" FROM "django_migrations"; args=(); alias=default
DEBUG 2026-05-16 19:57:50,127 utils (0.000) SELECT "django_content_type"."model" AS "model" FROM "django_content_type" WHERE "django_content_type"."app_label" = 'admin'; args=('admin',); alias=default
DEBUG 2026-05-16 19:57:50,128 utils (0.000) SELECT "django_content_type"."id", "django_content_type"."app_label", "django_content_type"."model" FROM "django_content_type" WHERE ("django_content_type"."app_label" = 'admin' AND "django_content_type"."model" IN ('logentry')); args=('admin', 'logentry'); alias=default
DEBUG 2026-05-16 19:57:50,129 utils (0.000) SELECT "auth_permission"."content_type_id" AS "content_type", "auth_permission"."codename" AS "codename" FROM "auth_permission" INNER JOIN "django_content_type" ON ("auth_permission"."content_type_id" = "django_content_type"."id") WHERE "auth_permission"."content_type_id" IN (1) ORDER BY "django_content_type"."app_label" ASC, "django_content_type"."model" ASC, 2 ASC; args=(1,); alias=default
DEBUG 2026-05-16 19:57:50,129 utils (0.000) SELECT "django_content_type"."model" AS "model" FROM "django_content_type" WHERE "django_content_type"."app_label" = 'admin'; args=('admin',); alias=default
DEBUG 2026-05-16 19:57:50,130 utils (0.000) SELECT "django_content_type"."model" AS "model" FROM "django_content_type" WHERE "django_content_type"."app_label" = 'auth'; args=('auth',); alias=default
DEBUG 2026-05-16 19:57:50,130 utils (0.000) SELECT "django_content_type"."id", "django_content_type"."app_label", "django_content_type"."model" FROM "django_content_type" WHERE ("django_content_type"."app_label" = 'auth' AND "django_content_type"."model" IN ('permission', 'user', 'group')); args=('auth', 'permission', 'user', 'group'); alias=default
DEBUG 2026-05-16 19:57:50,131 utils (0.000) SELECT "auth_permission"."content_type_id" AS "content_type", "auth_permission"."codename" AS "codename" FROM "auth_permission" INNER JOIN "django_content_type" ON ("auth_permission"."content_type_id" = "django_content_type"."id") WHERE "auth_permission"."content_type_id" IN (2, 3, 4) ORDER BY "django_content_type"."app_label" ASC, "django_content_type"."model" ASC, 2 ASC; args=(2, 3, 4); alias=default
DEBUG 2026-05-16 19:57:50,131 utils (0.000) SELECT "django_content_type"."model" AS "model" FROM "django_content_type" WHERE "django_content_type"."app_label" = 'auth'; args=('auth',); alias=default
DEBUG 2026-05-16 19:57:50,132 utils (0.000) SELECT "django_content_type"."model" AS "model" FROM "django_content_type" WHERE "django_content_type"."app_label" = 'contenttypes'; args=('contenttypes',); alias=default
DEBUG 2026-05-16 19:57:50,132 utils (0.000) SELECT "django_content_type"."id", "django_content_type"."app_label", "django_content_type"."model" FROM "django_content_type" WHERE ("django_content_type"."app_label" = 'contenttypes' AND "django_content_type"."model" IN ('contenttype')); args=('contenttypes', 'contenttype'); alias=default
DEBUG 2026-05-16 19:57:50,133 utils (0.000) SELECT "auth_permission"."content_type_id" AS "content_type", "auth_permission"."codename" AS "codename" FROM "auth_permission" INNER JOIN "django_content_type" ON ("auth_permission"."content_type_id" = "django_content_type"."id") WHERE "auth_permission"."content_type_id" IN (5) ORDER BY "django_content_type"."app_label" ASC, "django_content_type"."model" ASC, 2 ASC; args=(5,); alias=default
DEBUG 2026-05-16 19:57:50,133 utils (0.000) SELECT "django_content_type"."model" AS "model" FROM "django_content_type" WHERE "django_content_type"."app_label" = 'contenttypes'; args=('contenttypes',); alias=default
DEBUG 2026-05-16 19:57:50,134 utils (0.000) SELECT "django_content_type"."model" AS "model" FROM "django_content_type" WHERE "django_content_type"."app_label" = 'sessions'; args=('sessions',); alias=default
DEBUG 2026-05-16 19:57:50,134 utils (0.000) SELECT "django_content_type"."id", "django_content_type"."app_label", "django_content_type"."model" FROM "django_content_type" WHERE ("django_content_type"."app_label" = 'sessions' AND "django_content_type"."model" IN ('session')); args=('sessions', 'session'); alias=default
DEBUG 2026-05-16 19:57:50,135 utils (0.000) SELECT "auth_permission"."content_type_id" AS "content_type", "auth_permission"."codename" AS "codename" FROM "auth_permission" INNER JOIN "django_content_type" ON ("auth_permission"."content_type_id" = "django_content_type"."id") WHERE "auth_permission"."content_type_id" IN (6) ORDER BY "django_content_type"."app_label" ASC, "django_content_type"."model" ASC, 2 ASC; args=(6,); alias=default
DEBUG 2026-05-16 19:57:50,135 utils (0.000) SELECT "django_content_type"."model" AS "model" FROM "django_content_type" WHERE "django_content_type"."app_label" = 'sessions'; args=('sessions',); alias=default
DEBUG 2026-05-16 19:57:50,136 utils (0.000) SELECT "django_content_type"."model" AS "model" FROM "django_content_type" WHERE "django_content_type"."app_label" = 'token_blacklist'; args=('token_blacklist',); alias=default
DEBUG 2026-05-16 19:57:50,137 utils (0.000) INSERT INTO "django_content_type" ("app_label", "model") VALUES ('token_blacklist', 'blacklistedtoken'), ('token_blacklist', 'outstandingtoken') RETURNING "django_content_type"."id"; args=('token_blacklist', 'blacklistedtoken', 'token_blacklist', 'outstandingtoken'); alias=default
DEBUG 2026-05-16 19:57:50,147 utils (0.000) SELECT "django_content_type"."id", "django_content_type"."app_label", "django_content_type"."model" FROM "django_content_type" WHERE ("django_content_type"."app_label" = 'token_blacklist' AND "django_content_type"."model" IN ('blacklistedtoken', 'outstandingtoken')); args=('token_blacklist', 'blacklistedtoken', 'outstandingtoken'); alias=default
DEBUG 2026-05-16 19:57:50,148 utils (0.000) SELECT "auth_permission"."content_type_id" AS "content_type", "auth_permission"."codename" AS "codename" FROM "auth_permission" INNER JOIN "django_content_type" ON ("auth_permission"."content_type_id" = "django_content_type"."id") WHERE "auth_permission"."content_type_id" IN (10, 11) ORDER BY "django_content_type"."app_label" ASC, "django_content_type"."model" ASC, 2 ASC; args=(10, 11); alias=default
DEBUG 2026-05-16 19:57:50,149 utils (0.000) INSERT INTO "auth_permission" ("name", "content_type_id", "codename") VALUES ('Can add Blacklisted Token', 10, 'add_blacklistedtoken'), ('Can change Blacklisted Token', 10, 'change_blacklistedtoken'), ('Can delete Blacklisted Token', 10, 'delete_blacklistedtoken'), ('Can view Blacklisted Token', 10, 'view_blacklistedtoken'), ('Can add Outstanding Token', 11, 'add_outstandingtoken'), ('Can change Outstanding Token', 11, 'change_outstandingtoken'), ('Can delete Outstanding Token', 11, 'delete_outstandingtoken'), ('Can view Outstanding Token', 11, 'view_outstandingtoken') RETURNING "auth_permission"."id"; args=('Can add Blacklisted Token', 10, 'add_blacklistedtoken', 'Can change Blacklisted Token', 10, 'change_blacklistedtoken', 'Can delete Blacklisted Token', 10, 'delete_blacklistedtoken', 'Can view Blacklisted Token', 10, 'view_blacklistedtoken', 'Can add Outstanding Token', 11, 'add_outstandingtoken', 'Can change Outstanding Token', 11, 'change_outstandingtoken', 'Can delete Outstanding Token', 11, 'delete_outstandingtoken', 'Can view Outstanding Token', 11, 'view_outstandingtoken'); alias=default
DEBUG 2026-05-16 19:57:50,159 utils (0.000) SELECT "django_content_type"."model" AS "model" FROM "django_content_type" WHERE "django_content_type"."app_label" = 'token_blacklist'; args=('token_blacklist',); alias=default
DEBUG 2026-05-16 19:57:50,159 utils (0.000) SELECT "django_content_type"."model" AS "model" FROM "django_content_type" WHERE "django_content_type"."app_label" = 'my_app'; args=('my_app',); alias=default
DEBUG 2026-05-16 19:57:50,160 utils (0.000) SELECT "django_content_type"."id", "django_content_type"."app_label", "django_content_type"."model" FROM "django_content_type" WHERE ("django_content_type"."app_label" = 'my_app' AND "django_content_type"."model" IN ('task', 'category', 'subtask')); args=('my_app', 'task', 'category', 'subtask'); alias=default
DEBUG 2026-05-16 19:57:50,161 utils (0.000) SELECT "auth_permission"."content_type_id" AS "content_type", "auth_permission"."codename" AS "codename" FROM "auth_permission" INNER JOIN "django_content_type" ON ("auth_permission"."content_type_id" = "django_content_type"."id") WHERE "auth_permission"."content_type_id" IN (8, 9, 7) ORDER BY "django_content_type"."app_label" ASC, "django_content_type"."model" ASC, 2 ASC; args=(8, 9, 7); alias=default
DEBUG 2026-05-16 19:57:50,161 utils (0.000) SELECT "django_content_type"."model" AS "model" FROM "django_content_type" WHERE "django_content_type"."app_label" = 'my_app'; args=('my_app',); alias=default
